// Jest Snapshot v1, https://goo.gl/fbAQLP

exports[`<TextPlaceholder /> should render a single Semantic UI \`TextPlaceholder\` component 1`] = `
<TextPlaceholder
  isFluid={true}
  length="full"
>
  <div
    className="placeholder text full fluid"
  />
</TextPlaceholder>
`;
