// Jest Snapshot v1, https://goo.gl/fbAQLP

exports[`<BlockPlaceholder /> should have the right structure 1`] = `
<BlockPlaceholder
  isFluid={false}
  isRectangular={false}
  isSquare={false}
>
  <div
    className="placeholder block"
  />
</BlockPlaceholder>
`;
