// Jest Snapshot v1, https://goo.gl/fbAQLP

exports[`getCardContentPlaceholderMarkup should return the right structure 1`] = `
<CardContent>
  <CardHeader>
    <Divider
      className=""
      hasLine={false}
      size="medium"
    />
    <TextPlaceholder
      isFluid={true}
      length="medium"
    />
    <TextPlaceholder
      isFluid={true}
      length="long"
    />
    <TextPlaceholder
      isFluid={true}
      length="long"
    />
  </CardHeader>
</CardContent>
`;
